// Jest Snapshot v1, https://goo.gl/fbAQLP

exports[`<Pill /> should match snapshot 1`] = `
<Pill
  onRemove={[MockFunction]}
  text="Pill example"
/>
`;
